# Bake Begins!
### (1 of 6) Copy sources
$ cp -a /home/travis/build/fontdirectory/bevan/METADATA.json /home/travis/build/fontdirectory/bevan/builds/build
$ cp -a /home/travis/build/fontdirectory/bevan/DESCRIPTION.en_us.html /home/travis/build/fontdirectory/bevan/builds/build
$ cp -a /home/travis/build/fontdirectory/bevan/FONTLOG.txt /home/travis/build/fontdirectory/bevan/builds/build
$ cp -a src/Bevan.ufo Bevan.ttf.ttx src/ikern/Bevan_ik.ttf.ttx src/ikern/Bevan.ttf.ttx src/VTT/Bevan_VTT2.ttf.ttx src/VTT/Bevan_VTT.ttf.ttx src/VTT/Bevan_VTT - Copy.ttf.ttx src/VTT/BevanFLAB.ttx src/VTT/BevanFLAB.ttf.ttx src/Bevan.sfd src/ikern/Bevan.sfd Bevan.ttf._p_r_e_p.ttx Bevan.ttf._p_o_s_t.ttx Bevan.ttf._n_a_m_e.ttx Bevan.ttf._m_a_x_p.ttx Bevan.ttf._l_o_c_a.ttx Bevan.ttf._k_e_r_n.ttx Bevan.ttf._h_m_t_x.ttx Bevan.ttf._h_h_e_a.ttx Bevan.ttf._h_e_a_d.ttx Bevan.ttf._h_d_m_x.ttx Bevan.ttf._g_l_y_f.ttx Bevan.ttf._g_a_s_p.ttx Bevan.ttf._f_p_g_m.ttx Bevan.ttf._c_v_t.ttx Bevan.ttf._c_m_a_p.ttx Bevan.ttf.V_D_M_X_.ttx Bevan.ttf.O_S_2f_2.ttx Bevan.ttf.L_T_S_H_.ttx Bevan.ttf.GlyphOrder.ttx Bevan.ttf.G_S_U_B_.ttx Bevan.ttf.G_P_O_S_.ttx Bevan.ttf.G_D_E_F_.ttx src/ikern/Bevan_ik.ttf._p_r_e_p.ttx src/ikern/Bevan_ik.ttf._p_o_s_t.ttx src/ikern/Bevan_ik.ttf._n_a_m_e.ttx src/ikern/Bevan_ik.ttf._m_a_x_p.ttx src/ikern/Bevan_ik.ttf._l_o_c_a.ttx src/ikern/Bevan_ik.ttf._k_e_r_n.ttx src/ikern/Bevan_ik.ttf._h_m_t_x.ttx src/ikern/Bevan_ik.ttf._h_h_e_a.ttx src/ikern/Bevan_ik.ttf._h_e_a_d.ttx src/ikern/Bevan_ik.ttf._g_l_y_f.ttx src/ikern/Bevan_ik.ttf._g_a_s_p.ttx src/ikern/Bevan_ik.ttf._f_p_g_m.ttx src/ikern/Bevan_ik.ttf._c_v_t.ttx src/ikern/Bevan_ik.ttf._c_m_a_p.ttx src/ikern/Bevan_ik.ttf.O_S_2f_2.ttx src/ikern/Bevan_ik.ttf.GlyphOrder.ttx src/ikern/Bevan_ik.ttf.G_S_U_B_.ttx src/ikern/Bevan_ik.ttf.G_P_O_S_.ttx src/ikern/Bevan_ik.ttf.G_D_E_F_.ttx src/ikern/Bevan_ik.ttf.F_F_T_M_.ttx src/ikern/Bevan.ttf._p_r_e_p.ttx src/ikern/Bevan.ttf._p_o_s_t.ttx src/ikern/Bevan.ttf._n_a_m_e.ttx src/ikern/Bevan.ttf._m_a_x_p.ttx src/ikern/Bevan.ttf._l_o_c_a.ttx src/ikern/Bevan.ttf._h_m_t_x.ttx src/ikern/Bevan.ttf._h_h_e_a.ttx src/ikern/Bevan.ttf._h_e_a_d.ttx src/ikern/Bevan.ttf._g_l_y_f.ttx src/ikern/Bevan.ttf._g_a_s_p.ttx src/ikern/Bevan.ttf._f_p_g_m.ttx src/ikern/Bevan.ttf._c_v_t.ttx src/ikern/Bevan.ttf._c_m_a_p.ttx src/ikern/Bevan.ttf.O_S_2f_2.ttx src/ikern/Bevan.ttf.GlyphOrder.ttx src/ikern/Bevan.ttf.G_S_U_B_.ttx src/ikern/Bevan.ttf.G_P_O_S_.ttx src/ikern/Bevan.ttf.G_D_E_F_.ttx src/ikern/Bevan.ttf.F_F_T_M_.ttx src/VTT/Bevan_VTT2.ttf._p_o_s_t.ttx src/VTT/Bevan_VTT2.ttf._n_a_m_e.ttx src/VTT/Bevan_VTT2.ttf._m_a_x_p.ttx src/VTT/Bevan_VTT2.ttf._l_o_c_a.ttx src/VTT/Bevan_VTT2.ttf._h_m_t_x.ttx src/VTT/Bevan_VTT2.ttf._h_h_e_a.ttx src/VTT/Bevan_VTT2.ttf._h_e_a_d.ttx src/VTT/Bevan_VTT2.ttf._g_l_y_f.ttx src/VTT/Bevan_VTT2.ttf._g_a_s_p.ttx src/VTT/Bevan_VTT2.ttf._c_m_a_p.ttx src/VTT/Bevan_VTT2.ttf.V_D_M_X_.ttx src/VTT/Bevan_VTT2.ttf.T_S_I__5.ttx src/VTT/Bevan_VTT2.ttf.T_S_I__3.ttx src/VTT/Bevan_VTT2.ttf.T_S_I__2.ttx src/VTT/Bevan_VTT2.ttf.T_S_I__1.ttx src/VTT/Bevan_VTT2.ttf.T_S_I__0.ttx src/VTT/Bevan_VTT2.ttf.T_S_I_P_.ttx src/VTT/Bevan_VTT2.ttf.O_S_2f_2.ttx src/VTT/Bevan_VTT2.ttf.GlyphOrder.ttx src/VTT/Bevan_VTT2.ttf.F_F_T_M_.ttx src/VTT/Bevan_VTT.ttf._p_r_e_p.ttx src/VTT/Bevan_VTT.ttf._p_o_s_t.ttx src/VTT/Bevan_VTT.ttf._n_a_m_e.ttx src/VTT/Bevan_VTT.ttf._m_a_x_p.ttx src/VTT/Bevan_VTT.ttf._l_o_c_a.ttx src/VTT/Bevan_VTT.ttf._h_m_t_x.ttx src/VTT/Bevan_VTT.ttf._h_h_e_a.ttx src/VTT/Bevan_VTT.ttf._h_e_a_d.ttx src/VTT/Bevan_VTT.ttf._g_l_y_f.ttx src/VTT/Bevan_VTT.ttf._g_a_s_p.ttx src/VTT/Bevan_VTT.ttf._f_p_g_m.ttx src/VTT/Bevan_VTT.ttf._c_v_t.ttx src/VTT/Bevan_VTT.ttf._c_m_a_p.ttx src/VTT/Bevan_VTT.ttf.T_S_I__5.ttx src/VTT/Bevan_VTT.ttf.T_S_I__3.ttx src/VTT/Bevan_VTT.ttf.T_S_I__2.ttx src/VTT/Bevan_VTT.ttf.T_S_I__1.ttx src/VTT/Bevan_VTT.ttf.T_S_I__0.ttx src/VTT/Bevan_VTT.ttf.T_S_I_P_.ttx src/VTT/Bevan_VTT.ttf.O_S_2f_2.ttx src/VTT/Bevan_VTT.ttf.GlyphOrder.ttx src/VTT/Bevan_VTT.ttf.F_F_T_M_.ttx src/VTT/Bevan_VTT - Copy.ttf._p_r_e_p.ttx src/VTT/Bevan_VTT - Copy.ttf._p_o_s_t.ttx src/VTT/Bevan_VTT - Copy.ttf._n_a_m_e.ttx src/VTT/Bevan_VTT - Copy.ttf._m_a_x_p.ttx src/VTT/Bevan_VTT - Copy.ttf._l_o_c_a.ttx src/VTT/Bevan_VTT - Copy.ttf._h_m_t_x.ttx src/VTT/Bevan_VTT - Copy.ttf._h_h_e_a.ttx src/VTT/Bevan_VTT - Copy.ttf._h_e_a_d.ttx src/VTT/Bevan_VTT - Copy.ttf._g_l_y_f.ttx src/VTT/Bevan_VTT - Copy.ttf._g_a_s_p.ttx src/VTT/Bevan_VTT - Copy.ttf._f_p_g_m.ttx src/VTT/Bevan_VTT - Copy.ttf._c_v_t.ttx src/VTT/Bevan_VTT - Copy.ttf._c_m_a_p.ttx src/VTT/Bevan_VTT - Copy.ttf.T_S_I__5.ttx src/VTT/Bevan_VTT - Copy.ttf.T_S_I__3.ttx src/VTT/Bevan_VTT - Copy.ttf.T_S_I__2.ttx src/VTT/Bevan_VTT - Copy.ttf.T_S_I__1.ttx src/VTT/Bevan_VTT - Copy.ttf.T_S_I__0.ttx src/VTT/Bevan_VTT - Copy.ttf.T_S_I_P_.ttx src/VTT/Bevan_VTT - Copy.ttf.O_S_2f_2.ttx src/VTT/Bevan_VTT - Copy.ttf.GlyphOrder.ttx src/VTT/Bevan_VTT - Copy.ttf.F_F_T_M_.ttx src/VTT/BevanFLAB.ttf.ttx src/VTT/BevanFLAB.ttf._p_r_e_p.ttx src/VTT/BevanFLAB.ttf._p_o_s_t.ttx src/VTT/BevanFLAB.ttf._n_a_m_e.ttx src/VTT/BevanFLAB.ttf._m_a_x_p.ttx src/VTT/BevanFLAB.ttf._l_o_c_a.ttx src/VTT/BevanFLAB.ttf._h_m_t_x.ttx src/VTT/BevanFLAB.ttf._h_h_e_a.ttx src/VTT/BevanFLAB.ttf._h_e_a_d.ttx src/VTT/BevanFLAB.ttf._h_d_m_x.ttx src/VTT/BevanFLAB.ttf._g_l_y_f.ttx src/VTT/BevanFLAB.ttf._g_a_s_p.ttx src/VTT/BevanFLAB.ttf._f_p_g_m.ttx src/VTT/BevanFLAB.ttf._c_v_t.ttx src/VTT/BevanFLAB.ttf._c_m_a_p.ttx src/VTT/BevanFLAB.ttf.V_D_M_X_.ttx src/VTT/BevanFLAB.ttf.O_S_2f_2.ttx src/VTT/BevanFLAB.ttf.L_T_S_H_.ttx src/VTT/BevanFLAB.ttf.GlyphOrder.ttx src/VTT/BevanFLAB.ttf.G_P_O_S_.ttx src/VTT/BevanFLAB.ttf._p_r_e_p.ttx src/VTT/BevanFLAB.ttf._p_o_s_t.ttx src/VTT/BevanFLAB.ttf._n_a_m_e.ttx src/VTT/BevanFLAB.ttf._m_a_x_p.ttx src/VTT/BevanFLAB.ttf._l_o_c_a.ttx src/VTT/BevanFLAB.ttf._h_m_t_x.ttx src/VTT/BevanFLAB.ttf._h_h_e_a.ttx src/VTT/BevanFLAB.ttf._h_e_a_d.ttx src/VTT/BevanFLAB.ttf._h_d_m_x.ttx src/VTT/BevanFLAB.ttf._g_l_y_f.ttx src/VTT/BevanFLAB.ttf._g_a_s_p.ttx src/VTT/BevanFLAB.ttf._f_p_g_m.ttx src/VTT/BevanFLAB.ttf._c_v_t.ttx src/VTT/BevanFLAB.ttf._c_m_a_p.ttx src/VTT/BevanFLAB.ttf.V_D_M_X_.ttx src/VTT/BevanFLAB.ttf.O_S_2f_2.ttx src/VTT/BevanFLAB.ttf.L_T_S_H_.ttx src/VTT/BevanFLAB.ttf.GlyphOrder.ttx src/VTT/BevanFLAB.ttf.G_P_O_S_.ttx src/ikern/Bevan.ttf.ttx src/ikern/Bevan.ttf._p_r_e_p.ttx src/ikern/Bevan.ttf._p_o_s_t.ttx src/ikern/Bevan.ttf._n_a_m_e.ttx src/ikern/Bevan.ttf._m_a_x_p.ttx src/ikern/Bevan.ttf._l_o_c_a.ttx src/ikern/Bevan.ttf._h_m_t_x.ttx src/ikern/Bevan.ttf._h_h_e_a.ttx src/ikern/Bevan.ttf._h_e_a_d.ttx src/ikern/Bevan.ttf._g_l_y_f.ttx src/ikern/Bevan.ttf._g_a_s_p.ttx src/ikern/Bevan.ttf._f_p_g_m.ttx src/ikern/Bevan.ttf._c_v_t.ttx src/ikern/Bevan.ttf._c_m_a_p.ttx src/ikern/Bevan.ttf.O_S_2f_2.ttx src/ikern/Bevan.ttf.GlyphOrder.ttx src/ikern/Bevan.ttf.G_S_U_B_.ttx src/ikern/Bevan.ttf.G_P_O_S_.ttx src/ikern/Bevan.ttf.G_D_E_F_.ttx src/ikern/Bevan.ttf.F_F_T_M_.ttx /home/travis/build/fontdirectory/bevan/builds/build/sources
### (2 of 6) pyfontaine
### (3 of 6) Run upstream tests
$ bakery-lint.py upstream-repo sources
$ fontaine --collections subsets --text /home/travis/build/fontdirectory/bevan/builds/build/sources/Bevan.ufo /home/travis/build/fontdirectory/bevan/builds/build/sources/BevanFLAB.ttf.ttx /home/travis/build/fontdirectory/bevan/builds/build/sources/BevanFLAB.ttx /home/travis/build/fontdirectory/bevan/builds/build/sources/Bevan_VTT - Copy.ttf.ttx /home/travis/build/fontdirectory/bevan/builds/build/sources/Bevan_VTT.ttf.ttx /home/travis/build/fontdirectory/bevan/builds/build/sources/Bevan_VTT2.ttf.ttx /home/travis/build/fontdirectory/bevan/builds/build/sources/Bevan_ik.ttf.ttx /home/travis/build/fontdirectory/bevan/builds/build/sources/Bevan.ttf.ttx /home/travis/build/fontdirectory/bevan/builds/build/sources/Bevan.sfd > fontaine.txt
bakery_lint.tests.upstream.test_prepolation.FontTestPrepolation.test_font_prepolation_glyph_contours(): FAIL
pyfontaine error:
pyfontaine process has been failed
bakery_lint.tests.upstream.test_prepolation.FontTestPrepolation.test_font_prepolation_glyph_points(): FAIL
bakery_lint.tests.upstream.test_prepolation.FontTestPrepolation.test_font_test_prepolation_glyph_names(): FAIL
bakery_lint.tests.upstream.test_diacritic.TestDiacritic.test_diacritic_made_as_component(): FAIL
bakery_lint.tests.upstream.test_diacritic.TestDiacritic.test_diacritic_made_as_mark_to_mark(): FAIL
bakery_lint.tests.upstream.test_diacritic.TestDiacritic.test_diacritic_made_as_own_glyphs(): FAIL
bakery_lint.tests.upstream.test_check_upstream_sources.ProjectUpstreamTestCase.test_bakery_yaml_exists(): OK
bakery_lint.tests.upstream.test_check_upstream_sources.ProjectUpstreamTestCase.test_copyright_notices_same_across_family(): OK
bakery_lint.tests.upstream.test_check_upstream_sources.ProjectUpstreamTestCase.test_description_html_exists(): OK
bakery_lint.tests.upstream.test_check_upstream_sources.ProjectUpstreamTestCase.test_fontlog_txt_exists(): OK
bakery_lint.tests.upstream.test_check_upstream_sources.ProjectUpstreamTestCase.test_metadata_json_exists(): OK
$ bakery-lint.py upstream Bevan.ufo
bakery_lint.tests.upstream.test_font_filename_eq_familystyle.TestTTFSourceFontFileNameEqualsFamilyStyle.test_source_ttf_font_filename_equals_familystyle(): ERROR
bakery_lint.tests.upstream.test_check_ufo_requirements.UfoOpenTest.test_has_rupee(): ERROR
bakery_lint.tests.upstream.test_check_ufo_requirements.UfoOpenTest.test_is_A(): OK
bakery_lint.tests.upstream.test_check_ufo_requirements.UfoOpenTest.test_is_A_a_glyph_instance(): OK
bakery_lint.tests.upstream.test_check_ufo_requirements.UfoOpenTest.test_is_ended_ufo(): OK
bakery_lint.tests.upstream.test_check_ufo_requirements.UfoOpenTest.test_is_folder(): OK
bakery_lint.tests.upstream.test_check_ufo_requirements.UfoOpenTest.test_is_fsType_eq_1(): OK
bakery_lint.tests.upstream.test_check_ufo_requirements.UfoOpenTest.test_it_exists(): OK
Bad glif file /home/travis/build/fontdirectory/bevan/builds/build/sources/Bevan.ufo/glyphs/.notdef.glif
bakery_lint.tests.upstream.test_check_ufo_fontfamily_recommendations.TestUFOFontFamilyNamingTest.test_familyname_less_than_32_chars(): OK
bakery_lint.tests.upstream.test_check_ufo_fontfamily_recommendations.TestUFOFontFamilyNamingTest.test_fullfontname_less_than_64_chars(): OK
bakery_lint.tests.upstream.test_check_ufo_fontfamily_recommendations.TestUFOFontFamilyNamingTest.test_postscriptname_consistof_allowed_chars(): OK
bakery_lint.tests.upstream.test_check_ufo_fontfamily_recommendations.TestUFOFontFamilyNamingTest.test_postscriptname_less_than_30_chars(): OK
bakery_lint.tests.upstream.test_check_ufo_fontfamily_recommendations.TestUFOFontFamilyNamingTest.test_stylename_less_than_32_chars(): OK
bakery_lint.tests.upstream.test_check_ufo_fontfamily_recommendations.TestUFOFontFamilyNamingTest.test_weight_value_range_between_250_and_900(): FAIL
$ bakery-lint.py upstream-ttx BevanFLAB.ttf.ttx
bakery_lint.tests.upstream.test_glyphname_does_not_contain_disallowed_chars.TestGlyphNameDoesNotContainsDisallowedChars.test_glyphname_does_not_contain_disallowed_chars(): OK
bakery_lint.tests.upstream.test_font_filename_eq_familystyle.TestTTFSourceFontFileNameEqualsFamilyStyle.test_source_ttf_font_filename_equals_familystyle(): FAIL
$ mv /home/travis/build/fontdirectory/bevan/builds/build/sources/BevanFLAB.ttf.ttx /home/travis/build/fontdirectory/bevan/builds/build/sources/Bevan-Regular.ttx
bakery_lint.tests.upstream.test_font_filename_eq_familystyle.TestTTFSourceFontFileNameEqualsFamilyStyle.test_source_ttf_font_filename_equals_familystyle(): OK
bakery_lint.tests.upstream.test_check_ttx_requirements.SourceTTXTest.test_epar_in_keys(): FAIL
bakery_lint.tests.upstream.test_check_ttx_requirements.SourceTTXTest.test_os2_in_keys(): OK
bakery_lint.tests.upstream.test_check_ttx_requirements.SourceTTXTest.test_ttx_doesnt_contain_duplicate_glyphs(): FAIL
bakery_lint.tests.upstream.test_check_ttx_fontfamily_recommendations.TTX_FontFamilyNamingTest.test_ttx_family_naming_recommendation(): OK
$ bakery-lint.py upstream-ttx BevanFLAB.ttx
bakery_lint.tests.upstream.test_glyphname_does_not_contain_disallowed_chars.TestGlyphNameDoesNotContainsDisallowedChars.test_glyphname_does_not_contain_disallowed_chars(): OK
bakery_lint.tests.upstream.test_font_filename_eq_familystyle.TestTTFSourceFontFileNameEqualsFamilyStyle.test_source_ttf_font_filename_equals_familystyle(): FAIL
$ mv /home/travis/build/fontdirectory/bevan/builds/build/sources/BevanFLAB.ttx /home/travis/build/fontdirectory/bevan/builds/build/sources/Bevan-Regular.ttx
bakery_lint.tests.upstream.test_font_filename_eq_familystyle.TestTTFSourceFontFileNameEqualsFamilyStyle.test_source_ttf_font_filename_equals_familystyle(): OK
bakery_lint.tests.upstream.test_check_ttx_requirements.SourceTTXTest.test_epar_in_keys(): FAIL
bakery_lint.tests.upstream.test_check_ttx_requirements.SourceTTXTest.test_os2_in_keys(): OK
bakery_lint.tests.upstream.test_check_ttx_requirements.SourceTTXTest.test_ttx_doesnt_contain_duplicate_glyphs(): FAIL
bakery_lint.tests.upstream.test_check_ttx_fontfamily_recommendations.TTX_FontFamilyNamingTest.test_ttx_family_naming_recommendation(): OK
$ bakery-lint.py upstream-ttx Bevan_VTT - Copy.ttf.ttx
bakery_lint.tests.upstream.test_glyphname_does_not_contain_disallowed_chars.TestGlyphNameDoesNotContainsDisallowedChars.test_glyphname_does_not_contain_disallowed_chars(): FAIL
bakery_lint.tests.upstream.test_font_filename_eq_familystyle.TestTTFSourceFontFileNameEqualsFamilyStyle.test_source_ttf_font_filename_equals_familystyle(): FAIL
$ mv /home/travis/build/fontdirectory/bevan/builds/build/sources/Bevan_VTT - Copy.ttf.ttx /home/travis/build/fontdirectory/bevan/builds/build/sources/Bevan-Regular.ttx
bakery_lint.tests.upstream.test_font_filename_eq_familystyle.TestTTFSourceFontFileNameEqualsFamilyStyle.test_source_ttf_font_filename_equals_familystyle(): OK
bakery_lint.tests.upstream.test_check_ttx_requirements.SourceTTXTest.test_epar_in_keys(): FAIL
bakery_lint.tests.upstream.test_check_ttx_requirements.SourceTTXTest.test_os2_in_keys(): OK
bakery_lint.tests.upstream.test_check_ttx_requirements.SourceTTXTest.test_ttx_doesnt_contain_duplicate_glyphs(): FAIL
bakery_lint.tests.upstream.test_check_ttx_fontfamily_recommendations.TTX_FontFamilyNamingTest.test_ttx_family_naming_recommendation(): OK
$ bakery-lint.py upstream-ttx Bevan_VTT.ttf.ttx
bakery_lint.tests.upstream.test_glyphname_does_not_contain_disallowed_chars.TestGlyphNameDoesNotContainsDisallowedChars.test_glyphname_does_not_contain_disallowed_chars(): FAIL
bakery_lint.tests.upstream.test_font_filename_eq_familystyle.TestTTFSourceFontFileNameEqualsFamilyStyle.test_source_ttf_font_filename_equals_familystyle(): FAIL
$ mv /home/travis/build/fontdirectory/bevan/builds/build/sources/Bevan_VTT.ttf.ttx /home/travis/build/fontdirectory/bevan/builds/build/sources/Bevan-Regular.ttx
bakery_lint.tests.upstream.test_font_filename_eq_familystyle.TestTTFSourceFontFileNameEqualsFamilyStyle.test_source_ttf_font_filename_equals_familystyle(): OK
bakery_lint.tests.upstream.test_check_ttx_requirements.SourceTTXTest.test_epar_in_keys(): FAIL
bakery_lint.tests.upstream.test_check_ttx_requirements.SourceTTXTest.test_os2_in_keys(): OK
bakery_lint.tests.upstream.test_check_ttx_requirements.SourceTTXTest.test_ttx_doesnt_contain_duplicate_glyphs(): FAIL
bakery_lint.tests.upstream.test_check_ttx_fontfamily_recommendations.TTX_FontFamilyNamingTest.test_ttx_family_naming_recommendation(): OK
$ bakery-lint.py upstream-ttx Bevan_VTT2.ttf.ttx
bakery_lint.tests.upstream.test_glyphname_does_not_contain_disallowed_chars.TestGlyphNameDoesNotContainsDisallowedChars.test_glyphname_does_not_contain_disallowed_chars(): OK
bakery_lint.tests.upstream.test_font_filename_eq_familystyle.TestTTFSourceFontFileNameEqualsFamilyStyle.test_source_ttf_font_filename_equals_familystyle(): FAIL
$ mv /home/travis/build/fontdirectory/bevan/builds/build/sources/Bevan_VTT2.ttf.ttx /home/travis/build/fontdirectory/bevan/builds/build/sources/Bevan-Regular.ttx
bakery_lint.tests.upstream.test_font_filename_eq_familystyle.TestTTFSourceFontFileNameEqualsFamilyStyle.test_source_ttf_font_filename_equals_familystyle(): OK
bakery_lint.tests.upstream.test_check_ttx_requirements.SourceTTXTest.test_epar_in_keys(): FAIL
bakery_lint.tests.upstream.test_check_ttx_requirements.SourceTTXTest.test_os2_in_keys(): OK
bakery_lint.tests.upstream.test_check_ttx_requirements.SourceTTXTest.test_ttx_doesnt_contain_duplicate_glyphs(): OK
bakery_lint.tests.upstream.test_check_ttx_fontfamily_recommendations.TTX_FontFamilyNamingTest.test_ttx_family_naming_recommendation(): OK
$ bakery-lint.py upstream-ttx Bevan_ik.ttf.ttx
bakery_lint.tests.upstream.test_glyphname_does_not_contain_disallowed_chars.TestGlyphNameDoesNotContainsDisallowedChars.test_glyphname_does_not_contain_disallowed_chars(): FAIL
bakery_lint.tests.upstream.test_font_filename_eq_familystyle.TestTTFSourceFontFileNameEqualsFamilyStyle.test_source_ttf_font_filename_equals_familystyle(): FAIL
$ mv /home/travis/build/fontdirectory/bevan/builds/build/sources/Bevan_ik.ttf.ttx /home/travis/build/fontdirectory/bevan/builds/build/sources/Bevan-Regular.ttx
bakery_lint.tests.upstream.test_font_filename_eq_familystyle.TestTTFSourceFontFileNameEqualsFamilyStyle.test_source_ttf_font_filename_equals_familystyle(): OK
bakery_lint.tests.upstream.test_check_ttx_requirements.SourceTTXTest.test_epar_in_keys(): FAIL
bakery_lint.tests.upstream.test_check_ttx_requirements.SourceTTXTest.test_os2_in_keys(): OK
bakery_lint.tests.upstream.test_check_ttx_requirements.SourceTTXTest.test_ttx_doesnt_contain_duplicate_glyphs(): FAIL
bakery_lint.tests.upstream.test_check_ttx_fontfamily_recommendations.TTX_FontFamilyNamingTest.test_ttx_family_naming_recommendation(): OK
$ bakery-lint.py upstream-ttx Bevan.ttf.ttx
bakery_lint.tests.upstream.test_glyphname_does_not_contain_disallowed_chars.TestGlyphNameDoesNotContainsDisallowedChars.test_glyphname_does_not_contain_disallowed_chars(): FAIL
bakery_lint.tests.upstream.test_font_filename_eq_familystyle.TestTTFSourceFontFileNameEqualsFamilyStyle.test_source_ttf_font_filename_equals_familystyle(): FAIL
$ mv /home/travis/build/fontdirectory/bevan/builds/build/sources/Bevan.ttf.ttx /home/travis/build/fontdirectory/bevan/builds/build/sources/Bevan-Regular.ttx
bakery_lint.tests.upstream.test_font_filename_eq_familystyle.TestTTFSourceFontFileNameEqualsFamilyStyle.test_source_ttf_font_filename_equals_familystyle(): OK
bakery_lint.tests.upstream.test_check_ttx_requirements.SourceTTXTest.test_epar_in_keys(): FAIL
bakery_lint.tests.upstream.test_check_ttx_requirements.SourceTTXTest.test_os2_in_keys(): OK
bakery_lint.tests.upstream.test_check_ttx_requirements.SourceTTXTest.test_ttx_doesnt_contain_duplicate_glyphs(): FAIL
bakery_lint.tests.upstream.test_check_ttx_fontfamily_recommendations.TTX_FontFamilyNamingTest.test_ttx_family_naming_recommendation(): OK
$ bakery-lint.py upstream Bevan.sfd
bakery_lint.tests.upstream.test_font_filename_eq_familystyle.TestTTFSourceFontFileNameEqualsFamilyStyle.test_source_ttf_font_filename_equals_familystyle(): ERROR
bakery_lint.tests.upstream.test_check_ufo_requirements.UfoOpenTest.test_has_rupee(): ERROR
bakery_lint.tests.upstream.test_check_ufo_requirements.UfoOpenTest.test_is_A(): ERROR
bakery_lint.tests.upstream.test_check_ufo_requirements.UfoOpenTest.test_is_A_a_glyph_instance(): ERROR
bakery_lint.tests.upstream.test_check_ufo_requirements.UfoOpenTest.test_is_ended_ufo(): ERROR
bakery_lint.tests.upstream.test_check_ufo_requirements.UfoOpenTest.test_is_folder(): ERROR
bakery_lint.tests.upstream.test_check_ufo_requirements.UfoOpenTest.test_is_fsType_eq_1(): ERROR
bakery_lint.tests.upstream.test_check_ufo_requirements.UfoOpenTest.test_it_exists(): ERROR
bakery_lint.tests.upstream.test_check_ufo_fontfamily_recommendations.TestUFOFontFamilyNamingTest.test_familyname_less_than_32_chars(): OK
bakery_lint.tests.upstream.test_check_ufo_fontfamily_recommendations.TestUFOFontFamilyNamingTest.test_fullfontname_less_than_64_chars(): OK
bakery_lint.tests.upstream.test_check_ufo_fontfamily_recommendations.TestUFOFontFamilyNamingTest.test_postscriptname_consistof_allowed_chars(): OK
bakery_lint.tests.upstream.test_check_ufo_fontfamily_recommendations.TestUFOFontFamilyNamingTest.test_postscriptname_less_than_30_chars(): OK
bakery_lint.tests.upstream.test_check_ufo_fontfamily_recommendations.TestUFOFontFamilyNamingTest.test_stylename_less_than_32_chars(): OK
bakery_lint.tests.upstream.test_check_ufo_fontfamily_recommendations.TestUFOFontFamilyNamingTest.test_weight_value_range_between_250_and_900(): OK
### (4 of 6) Convert sources to TTF
$ ttx -d /home/travis/build/fontdirectory/bevan/builds/build /home/travis/build/fontdirectory/bevan/builds/build/sources/Bevan-Regular.ttx
strippedname:/home/travis/build/fontdirectory/bevan/builds/build/sources/Bevan.ufo
strippedname:/home/travis/build/fontdirectory/bevan/builds/build/sources/Bevan.sfd
Compiling "/home/travis/build/fontdirectory/bevan/builds/build/sources/Bevan-Regular.ttx" to "/home/travis/build/fontdirectory/bevan/builds/build/Bevan-Regular.ttf"...
Parsing 'GlyphOrder' table...
Parsing 'head' table...
Parsing 'hhea' table...
Parsing 'maxp' table...
Parsing 'OS/2' table...
Parsing 'hmtx' table...
Parsing 'cmap' table...
Parsing 'fpgm' table...
Parsing 'prep' table...
Parsing 'cvt ' table...
Parsing 'loca' table...
Parsing 'glyf' table...
Parsing 'name' table...
Parsing 'post' table...
Parsing 'gasp' table...
Parsing 'FFTM' table...
Parsing 'GDEF' table...
Parsing 'GPOS' table...
Parsing 'GSUB' table...
$ font2ttf.py sources/Bevan.ufo Bevan.ttf
### Test Bevan-Regular.ttf
$ bakery-lint.py result Bevan-Regular.ttf
bakery_lint.tests.downstream.test_names_are_ascii_only.CheckNamesAreASCIIOnly.test_check_names_are_ascii_only(): OK
bakery_lint.tests.downstream.test_gpos_table_has_kerning_info.CheckGposTableHasKerningInfo.test_gpos_table_has_kerning_info(): OK
bakery_lint.tests.downstream.test_gasp_table_value.CheckGaspTableType.test_check_gasp_table_type(): FAIL
$ bakery-gasp.py --set=15 /home/travis/build/fontdirectory/bevan/builds/build/Bevan-Regular.ttf
$ mv /home/travis/build/fontdirectory/bevan/builds/build/Bevan-Regular.ttf.fix /home/travis/build/fontdirectory/bevan/builds/build/Bevan-Regular.ttf
bakery_lint.tests.downstream.test_gasp_table_value.CheckGaspTableType.test_check_gasp_table_type(): OK
$ bakery-gasp.py --set=15 /home/travis/build/fontdirectory/bevan/builds/build/Bevan-Regular.ttf
$ mv /home/travis/build/fontdirectory/bevan/builds/build/Bevan-Regular.ttf.fix /home/travis/build/fontdirectory/bevan/builds/build/Bevan-Regular.ttf
The glyph named Omega is mapped to U+03A9.
But its name indicates it should be mapped to U+2126.
bakery_lint.tests.downstream.test_fontforge_validation_state.FontForgeValidateStateTest.test_allowed_numbers_paths_in_composite_glyphs(): OK
bakery_lint.tests.downstream.test_fontforge_validation_state.FontForgeValidateStateTest.test_allowed_numbers_paths_in_glyphs(): OK
bakery_lint.tests.downstream.test_fontforge_validation_state.FontForgeValidateStateTest.test_allowed_numbers_points_in_composite_glyphs(): OK
bakery_lint.tests.downstream.test_fontforge_validation_state.FontForgeValidateStateTest.test_allowed_numbers_points_in_glyphs(): OK
bakery_lint.tests.downstream.test_fontforge_validation_state.FontForgeValidateStateTest.test_duplicate_glyphs(): OK
bakery_lint.tests.downstream.test_fontforge_validation_state.FontForgeValidateStateTest.test_duplicate_unicode_codepoints(): OK
bakery_lint.tests.downstream.test_fontforge_validation_state.FontForgeValidateStateTest.test_flipped_reference_in_glyphs(): OK
bakery_lint.tests.downstream.test_fontforge_validation_state.FontForgeValidateStateTest.test_missing_anchors(): OK
bakery_lint.tests.downstream.test_fontforge_validation_state.FontForgeValidateStateTest.test_missing_extrema_in_glyphs(): FAIL
bakery_lint.tests.downstream.test_fontforge_validation_state.FontForgeValidateStateTest.test_overlapped_hints(): OK
bakery_lint.tests.downstream.test_fontforge_validation_state.FontForgeValidateStateTest.test_points_are_integer_aligned(): OK
bakery_lint.tests.downstream.test_fontforge_validation_state.FontForgeValidateStateTest.test_points_are_not_too_far_apart(): OK
bakery_lint.tests.downstream.test_fontforge_validation_state.FontForgeValidateStateTest.test_postscript_hasnt_limit_hints_in_glyphs(): OK
bakery_lint.tests.downstream.test_fontforge_validation_state.FontForgeValidateStateTest.test_postscript_hasnt_limit_points_in_glyphs(): OK
bakery_lint.tests.downstream.test_fontforge_validation_state.FontForgeValidateStateTest.test_referenced_glyphs_are_present(): OK
bakery_lint.tests.downstream.test_fontforge_validation_state.FontForgeValidateStateTest.test_valid_glyph_names(): OK
bakery_lint.tests.downstream.test_fontforge_validation_state.FontForgeValidateStateTest.test_valid_length_instructions(): OK
bakery_lint.tests.downstream.test_fontforge_validation_state.FontForgeValidateStateTest.test_validation_glyph_intersect(): FAIL
bakery_lint.tests.downstream.test_fontforge_validation_state.FontForgeValidateStateTest.test_validation_open_contours(): OK
bakery_lint.tests.downstream.test_fontforge_validation_state.FontForgeValidateStateTest.test_wrong_direction_in_glyphs(): FAIL
Success: Generated OpenType-TTF (/home/travis/build/fontdirectory/bevan/builds/build/Bevan.ttf)
$ font2ttf.py sources/Bevan.sfd Bevan.ttf
### Test Bevan.ttf
$ bakery-lint.py result Bevan.ttf
bakery_lint.tests.downstream.test_names_are_ascii_only.CheckNamesAreASCIIOnly.test_check_names_are_ascii_only(): OK
bakery_lint.tests.downstream.test_gpos_table_has_kerning_info.CheckGposTableHasKerningInfo.test_gpos_table_has_kerning_info(): FAIL
bakery_lint.tests.downstream.test_gasp_table_value.CheckGaspTableType.test_check_gasp_table_type(): FAIL
$ bakery-gasp.py --set=15 /home/travis/build/fontdirectory/bevan/builds/build/Bevan.ttf
$ mv /home/travis/build/fontdirectory/bevan/builds/build/Bevan.ttf.fix /home/travis/build/fontdirectory/bevan/builds/build/Bevan.ttf
bakery_lint.tests.downstream.test_gasp_table_value.CheckGaspTableType.test_check_gasp_table_type(): OK
$ bakery-gasp.py --set=15 /home/travis/build/fontdirectory/bevan/builds/build/Bevan.ttf
$ mv /home/travis/build/fontdirectory/bevan/builds/build/Bevan.ttf.fix /home/travis/build/fontdirectory/bevan/builds/build/Bevan.ttf
The following table(s) in the font have been ignored by FontForge
  Ignoring 'DSIG' digital signature table
The glyph named Omega is mapped to U+03A9.
But its name indicates it should be mapped to U+2126.
bakery_lint.tests.downstream.test_fontforge_validation_state.FontForgeValidateStateTest.test_allowed_numbers_paths_in_composite_glyphs(): OK
bakery_lint.tests.downstream.test_fontforge_validation_state.FontForgeValidateStateTest.test_allowed_numbers_paths_in_glyphs(): OK
bakery_lint.tests.downstream.test_fontforge_validation_state.FontForgeValidateStateTest.test_allowed_numbers_points_in_composite_glyphs(): OK
bakery_lint.tests.downstream.test_fontforge_validation_state.FontForgeValidateStateTest.test_allowed_numbers_points_in_glyphs(): OK
bakery_lint.tests.downstream.test_fontforge_validation_state.FontForgeValidateStateTest.test_duplicate_glyphs(): OK
bakery_lint.tests.downstream.test_fontforge_validation_state.FontForgeValidateStateTest.test_duplicate_unicode_codepoints(): OK
bakery_lint.tests.downstream.test_fontforge_validation_state.FontForgeValidateStateTest.test_flipped_reference_in_glyphs(): OK
bakery_lint.tests.downstream.test_fontforge_validation_state.FontForgeValidateStateTest.test_missing_anchors(): OK
bakery_lint.tests.downstream.test_fontforge_validation_state.FontForgeValidateStateTest.test_missing_extrema_in_glyphs(): FAIL
bakery_lint.tests.downstream.test_fontforge_validation_state.FontForgeValidateStateTest.test_overlapped_hints(): OK
bakery_lint.tests.downstream.test_fontforge_validation_state.FontForgeValidateStateTest.test_points_are_integer_aligned(): OK
bakery_lint.tests.downstream.test_fontforge_validation_state.FontForgeValidateStateTest.test_points_are_not_too_far_apart(): OK
bakery_lint.tests.downstream.test_fontforge_validation_state.FontForgeValidateStateTest.test_postscript_hasnt_limit_hints_in_glyphs(): OK
bakery_lint.tests.downstream.test_fontforge_validation_state.FontForgeValidateStateTest.test_postscript_hasnt_limit_points_in_glyphs(): OK
bakery_lint.tests.downstream.test_fontforge_validation_state.FontForgeValidateStateTest.test_referenced_glyphs_are_present(): OK
bakery_lint.tests.downstream.test_fontforge_validation_state.FontForgeValidateStateTest.test_valid_glyph_names(): OK
bakery_lint.tests.downstream.test_fontforge_validation_state.FontForgeValidateStateTest.test_valid_length_instructions(): OK
bakery_lint.tests.downstream.test_fontforge_validation_state.FontForgeValidateStateTest.test_validation_glyph_intersect(): OK
bakery_lint.tests.downstream.test_fontforge_validation_state.FontForgeValidateStateTest.test_validation_open_contours(): OK
bakery_lint.tests.downstream.test_fontforge_validation_state.FontForgeValidateStateTest.test_wrong_direction_in_glyphs(): OK
bakery_lint.tests.downstream.test_check_vertical_metrics.CheckVerticalLinegapMetrics.test_metrics_linegaps_are_zero(): OK
Success: Generated OpenType-TTF (/home/travis/build/fontdirectory/bevan/builds/build/Bevan.ttf)
### Test Bevan.ttf
$ bakery-lint.py result Bevan.ttf
### (5 of 6) Generate METADATA.json (genmetadata.py)
$ genmetadata.py /home/travis/build/fontdirectory/bevan/builds/build
{} exists
No Designer Name known, using Multiple Designers for now...
bakery_lint.tests.downstream.test_names_are_ascii_only.CheckNamesAreASCIIOnly.test_check_names_are_ascii_only(): OK
Original size: 99228\nGzip size: 48883
Family Name: Bevan
PS Name: Bevan
Full Name: Bevan
Style: normal
Weight: 400
Filename: Bevan.ttf
Copyright: Copyright (c) 2011 by vernon adams. All rights reserved.
Family Name: Bevan
PS Name: Bevan
Full Name: Bevan
Style: normal
Weight: 400
Filename: Bevan-Regular.ttf
Copyright: Copyright (c) 2011 by vernon adams. All rights reserved.
### (6 of 6) Run tests for METADATA.json
$ bakery-lint.py metadata METADATA.json
bakery_lint.tests.metadata_test.MetadataSubsetsListTest.test_charset_latin(): FAIL
bakery_lint.tests.metadata_test.MetadataSubsetsListTest.test_charset_menu(): FAIL
bakery_lint.tests.metadata_test.MetadataTest.test_description_is_more_than_500b(): FAIL
bakery_lint.tests.metadata_test.MetadataTest.test_description_is_valid_html(): FAIL
bakery_lint.tests.downstream.test_gpos_table_has_kerning_info.CheckGposTableHasKerningInfo.test_gpos_table_has_kerning_info(): OK
bakery_lint.tests.downstream.test_gasp_table_value.CheckGaspTableType.test_check_gasp_table_type(): FAIL
$ bakery-gasp.py --set=15 /home/travis/build/fontdirectory/bevan/builds/build/Bevan.ttf
$ mv /home/travis/build/fontdirectory/bevan/builds/build/Bevan.ttf.fix /home/travis/build/fontdirectory/bevan/builds/build/Bevan.ttf
bakery_lint.tests.downstream.test_gasp_table_value.CheckGaspTableType.test_check_gasp_table_type(): OK
$ bakery-gasp.py --set=15 /home/travis/build/fontdirectory/bevan/builds/build/Bevan.ttf
$ mv /home/travis/build/fontdirectory/bevan/builds/build/Bevan.ttf.fix /home/travis/build/fontdirectory/bevan/builds/build/Bevan.ttf
The following table(s) in the font have been ignored by FontForge
  Ignoring 'DSIG' digital signature table
The glyph named Omega is mapped to U+03A9.
But its name indicates it should be mapped to U+2126.
bakery_lint.tests.metadata_test.MetadataTest.test_does_not_familyName_exist_in_daltonmaag_catalogue(): FAIL
bakery_lint.tests.downstream.test_check_vertical_metrics.CheckVerticalLinegapMetrics.test_metrics_linegaps_are_zero(): OK
bakery_lint.tests.metadata_test.MetadataTest.test_does_not_familyName_exist_in_fontbureau_catalogue(): OK
bakery_lint.tests.downstream.test_fontforge_validation_state.FontForgeValidateStateTest.test_allowed_numbers_paths_in_composite_glyphs(): OK
bakery_lint.tests.downstream.test_fontforge_validation_state.FontForgeValidateStateTest.test_allowed_numbers_paths_in_glyphs(): OK
bakery_lint.tests.downstream.test_fontforge_validation_state.FontForgeValidateStateTest.test_allowed_numbers_points_in_composite_glyphs(): OK
bakery_lint.tests.downstream.test_fontforge_validation_state.FontForgeValidateStateTest.test_allowed_numbers_points_in_glyphs(): OK
bakery_lint.tests.downstream.test_fontforge_validation_state.FontForgeValidateStateTest.test_duplicate_glyphs(): OK
bakery_lint.tests.downstream.test_fontforge_validation_state.FontForgeValidateStateTest.test_duplicate_unicode_codepoints(): OK
bakery_lint.tests.downstream.test_fontforge_validation_state.FontForgeValidateStateTest.test_flipped_reference_in_glyphs(): OK
bakery_lint.tests.downstream.test_fontforge_validation_state.FontForgeValidateStateTest.test_missing_anchors(): OK
bakery_lint.tests.downstream.test_fontforge_validation_state.FontForgeValidateStateTest.test_missing_extrema_in_glyphs(): FAIL
bakery_lint.tests.downstream.test_fontforge_validation_state.FontForgeValidateStateTest.test_overlapped_hints(): OK
bakery_lint.tests.downstream.test_fontforge_validation_state.FontForgeValidateStateTest.test_points_are_integer_aligned(): OK
bakery_lint.tests.downstream.test_fontforge_validation_state.FontForgeValidateStateTest.test_points_are_not_too_far_apart(): OK
bakery_lint.tests.downstream.test_fontforge_validation_state.FontForgeValidateStateTest.test_postscript_hasnt_limit_hints_in_glyphs(): OK
bakery_lint.tests.downstream.test_fontforge_validation_state.FontForgeValidateStateTest.test_postscript_hasnt_limit_points_in_glyphs(): OK
bakery_lint.tests.downstream.test_fontforge_validation_state.FontForgeValidateStateTest.test_referenced_glyphs_are_present(): OK
bakery_lint.tests.downstream.test_fontforge_validation_state.FontForgeValidateStateTest.test_valid_glyph_names(): OK
bakery_lint.tests.downstream.test_fontforge_validation_state.FontForgeValidateStateTest.test_valid_length_instructions(): OK
bakery_lint.tests.downstream.test_fontforge_validation_state.FontForgeValidateStateTest.test_validation_glyph_intersect(): FAIL
bakery_lint.tests.downstream.test_fontforge_validation_state.FontForgeValidateStateTest.test_validation_open_contours(): OK
bakery_lint.tests.downstream.test_fontforge_validation_state.FontForgeValidateStateTest.test_wrong_direction_in_glyphs(): OK
bakery_lint.tests.downstream.test_check_vertical_metrics.CheckVerticalAscentMetrics.test_metrics_ascents_equal_bbox(): FAIL
bakery_lint.tests.metadata_test.MetadataTest.test_does_not_familyName_exist_in_fontscom_catalogue(): FAIL
bakery_lint.tests.metadata_test.MetadataTest.test_does_not_familyName_exist_in_fontshop_catalogue(): FAIL
bakery_lint.tests.downstream.test_check_vertical_metrics.CheckVerticalLinegapMetrics.test_metrics_linegaps_are_zero(): OK
bakery_lint.tests.downstream.test_check_vertical_metrics.CheckVerticalAscentMetrics.test_metrics_ascents_equal_bbox(): FAIL
$ bakery-vmet-fix.py --autofix /home/travis/build/fontdirectory/bevan/builds/build/Bevan.ttf /home/travis/build/fontdirectory/bevan/builds/build/Bevan-Regular.ttf
bakery_lint.tests.metadata_test.MetadataTest.test_does_not_familyName_exist_in_fontsmith_catalogue(): OK
$ mv /home/travis/build/fontdirectory/bevan/builds/build/Bevan.ttf.fix /home/travis/build/fontdirectory/bevan/builds/build/Bevan.ttf
$ mv /home/travis/build/fontdirectory/bevan/builds/build/Bevan-Regular.ttf.fix /home/travis/build/fontdirectory/bevan/builds/build/Bevan-Regular.ttf
$ bakery-vmet-fix.py /home/travis/build/fontdirectory/bevan/builds/build/Bevan.ttf /home/travis/build/fontdirectory/bevan/builds/build/Bevan-Regular.ttf
$ bakery-vmet-fix.py --autofix /home/travis/build/fontdirectory/bevan/builds/build/Bevan.ttf /home/travis/build/fontdirectory/bevan/builds/build/Bevan-Regular.ttf
bakery_lint.tests.metadata_test.MetadataTest.test_does_not_familyName_exist_in_houseind_catalogue(): OK
Parameter              Bevan.ttf    Bevan-Regular.ttf    
ymax                   2385         2385                 
hhea.ascent            2385         2385                 
OS/2.sTypoAscender     2385         2385                 
OS/2.usWinAscent       2385         2385                 
ymin                   -924         -924                 
hhea.descent           -924         -924                 
OS/2.sTypoDescender    -924         -924                 
OS/2.usWinDescent      924          924                  
hhea.lineGap           0            0                    
OS/2.sTypoLineGap      0            0                    
hhea total             3309         3309                 
typo total             3309         3309                 
win total              3309         3309                 
UPM:Heights            2048:3309    2048:3309            
UPM:Heights %          161 %        161 %                


bakery_lint.tests.downstream.test_check_vertical_metrics.CheckVerticalAscentMetrics.test_metrics_ascents_equal_bbox(): OK
$ mv /home/travis/build/fontdirectory/bevan/builds/build/Bevan.ttf.fix /home/travis/build/fontdirectory/bevan/builds/build/Bevan.ttf
$ mv /home/travis/build/fontdirectory/bevan/builds/build/Bevan-Regular.ttf.fix /home/travis/build/fontdirectory/bevan/builds/build/Bevan-Regular.ttf
$ bakery-vmet-fix.py /home/travis/build/fontdirectory/bevan/builds/build/Bevan.ttf /home/travis/build/fontdirectory/bevan/builds/build/Bevan-Regular.ttf
bakery_lint.tests.metadata_test.MetadataTest.test_does_not_familyName_exist_in_myfonts_catalogue(): FAIL
bakery_lint.tests.metadata_test.MetadataTest.test_does_not_familyName_exist_in_veer_catalogue(): OK
bakery_lint.tests.metadata_test.MetadataTest.test_family_is_listed_in_gwf(): OK
bakery_lint.tests.metadata_test.MetadataTest.test_metadata_atleast_latin_menu_subsets_exist(): OK
Parameter              Bevan.ttf    Bevan-Regular.ttf    
ymax                   2385         2385                 
hhea.ascent            2385         2385                 
OS/2.sTypoAscender     2385         2385                 
OS/2.usWinAscent       2385         2385                 
ymin                   -924         -924                 
hhea.descent           -924         -924                 
OS/2.sTypoDescender    -924         -924                 
OS/2.usWinDescent      924          924                  
hhea.lineGap           0            0                    
OS/2.sTypoLineGap      0            0                    
hhea total             3309         3309                 
typo total             3309         3309                 
win total              3309         3309                 
UPM:Heights            2048:3309    2048:3309            
UPM:Heights %          161 %        161 %                


/home/travis/virtualenv/python2.7.8/lib/python2.7/site-packages/bakery_lint/tests/metadata_test.py:141: UnicodeWarning: Unicode equal comparison failed to convert both arguments to Unicode - interpreting them as being unequal
  self.assertTrue(designer in designers,
bakery_lint.tests.metadata_test.MetadataTest.test_metadata_designer_exists_in_profiles_csv(): OK
bakery_lint.tests.metadata_test.MetadataTest.test_metadata_fonts_items_dicts(): OK
bakery_lint.tests.metadata_test.MetadataTest.test_metadata_fonts_key_list(): OK
bakery_lint.tests.metadata_test.MetadataTest.test_metadata_fonts_no_dupes(): OK
bakery_lint.tests.metadata_test.MetadataTest.test_metadata_has_unique_style_weight_pairs(): OK
bakery_lint.tests.metadata_test.MetadataTest.test_metadata_keys(): OK
bakery_lint.tests.metadata_test.MetadataTest.test_metadata_license(): OK
bakery_lint.tests.metadata_test.MetadataTest.test_metadata_no_unknown_top_keys(): OK
bakery_lint.tests.metadata_test.MetadataTest.test_metadata_subsets_key_list(): OK
bakery_lint.tests.metadata_test.MetadataTest.test_metadata_top_keys_types(): FAIL
bakery_lint.tests.downstream.test_metadata_font_copyright.CheckMetadataContainsReservedFontName.test_copyright_contains_correct_rfn(): OK
bakery_lint.tests.downstream.test_metadata_font_copyright.CheckMetadataContainsReservedFontName.test_copyright_is_consistent_across_family(): OK
bakery_lint.tests.downstream.test_metadata_font_copyright.CheckMetadataContainsReservedFontName.test_copyright_matches_pattern(): OK
bakery_lint.tests.downstream.test_metadata_font_copyright.CheckMetadataContainsReservedFontName.test_metadata_copyright_size(): OK
bakery_lint.tests.downstream.test_metadata_agreements.CheckMetadataAgreements.test_font_name_matches_family(): OK
bakery_lint.tests.downstream.test_metadata_agreements.CheckMetadataAgreements.test_metadata_family(): OK
bakery_lint.tests.downstream.test_metadata_agreements.CheckMetadataAgreements.test_metadata_family_values_are_all_the_same(): OK
bakery_lint.tests.downstream.test_metadata_agreements.CheckMetadataAgreements.test_metadata_filename_matches_postScriptName(): OK
bakery_lint.tests.downstream.test_metadata_agreements.CheckMetadataAgreements.test_metadata_font_have_regular(): OK
bakery_lint.tests.downstream.test_metadata_agreements.CheckMetadataAgreements.test_metadata_fonts_fields_have_fontname(): OK
bakery_lint.tests.downstream.test_metadata_agreements.CheckMetadataAgreements.test_metadata_fullname_is_equal_to_internal_font_fullname(): OK
bakery_lint.tests.downstream.test_metadata_agreements.CheckMetadataAgreements.test_metadata_fullname_matches_postScriptName(): OK
bakery_lint.tests.downstream.test_metadata_agreements.CheckMetadataAgreements.test_metadata_postScriptName_matches_ttf_fontname(): OK
bakery_lint.tests.downstream.test_metadata_agreements.CheckMetadataAgreements.test_metadata_regular_is_400(): FAIL
bakery_lint.tests.downstream.test_metadata_agreements.CheckMetadataAgreements.test_metadata_regular_is_normal(): FAIL
bakery_lint.tests.downstream.test_check_text_files_exist.CheckTextFilesExist.test_copyrighttxt_exists(): FAIL
bakery_lint.tests.downstream.test_check_text_files_exist.CheckTextFilesExist.test_description_exists(): OK
bakery_lint.tests.downstream.test_check_text_files_exist.CheckTextFilesExist.test_fontlogtxt_exists(): OK
bakery_lint.tests.downstream.test_check_text_files_exist.CheckTextFilesExist.test_licensetxt_exists(): FAIL
bakery_lint.tests.downstream.test_check_subsets_exists.CheckSubsetsExist.test_check_subsets_exists(): FAIL
bakery_lint.tests.downstream.test_check_monospace_agreements.CheckMonospaceAgreement.test_check_monospace_agreement(): OK
bakery_lint.tests.downstream.test_check_metadata_style_matches_names.CheckItalicStyleMatchesMacStyle.test_check_italic_style_matches_names(): OK
bakery_lint.tests.downstream.test_check_metadata_style_matches_names.CheckNormalStyleMatchesMacStyle.test_check_normal_style_matches_names(): OK
bakery_lint.tests.downstream.test_check_metadata_matches_nametable.CheckMetadataMatchesNameTable.test_check_metadata_matches_nametable(): OK
bakery_lint.tests.downstream.test_check_metadata_fields.CheckMetadataFields.test_check_metadata_fields(): OK
bakery_lint.tests.downstream.test_check_menu_contains_proper_glyphs.CheckMenuSubsetContainsProperGlyphs.test_check_menu_contains_proper_glyphs(): ERROR
bakery_lint.tests.downstream.test_check_glyph_consistency.CheckGlyphConsistencyInFamily.test_the_same_encodings_of_glyphs_across_family(): OK
bakery_lint.tests.downstream.test_check_glyph_consistency.CheckGlyphConsistencyInFamily.test_the_same_names_of_glyphs_across_family(): OK
bakery_lint.tests.downstream.test_check_glyph_consistency.CheckGlyphConsistencyInFamily.test_the_same_number_of_glyphs_across_family(): OK
bakery_lint.tests.downstream.test_check_font_name_not_in_camelcase.CheckFontNameNotInCamelCase.test_fontname_not_in_camel_case(): OK
bakery_lint.tests.downstream.test_check_files_menu_agreements.CheckFontsMenuAgreements.test_menu_file_agreement(): FAIL
bakery_lint.tests.downstream.test_check_familyname_matches_fontnames.CheckFamilyNameMatchesFontNames.test_check_familyname_matches_fontnames(): OK
bakery_lint.tests.downstream.test_check_canonical_weights.CheckCanonicalWeights.test_check_canonical_weights(): OK
bakery_lint.tests.downstream.test_check_canonical_weights.CheckPostScriptNameMatchesWeight.test_postscriptname_contains_correct_weight(): FAIL
bakery_lint.tests.downstream.test_check_vertical_metrics.CheckVerticalAscentMetrics.test_metrics_ascents_equal_bbox(): OK
bakery_lint.tests.downstream.test_check_canonical_weights.CheckFontWeightSameAsInMetadata.test_font_weight_same_as_in_metadata(): OK
bakery_lint.tests.downstream.test_check_canonical_weights.CheckFullNameEqualCanonicalName.test_metadata_contains_current_font(): OK
bakery_lint.tests.downstream.test_check_canonical_styles.CheckCanonicalStyles.test_check_canonical_styles(): OK
bakery_lint.tests.downstream.test_check_canonical_filenames.CheckCanonicalFilenames.test_check_canonical_filenames(): FAIL
bakery_lint.tests.downstream.test_check_vertical_metrics.CheckVerticalDescentMetrics.test_metrics_descents_equal_bbox(): OK
bakery_lint.tests.downstream.test_check_upm_heights_less_120.TestCheckUPMHeightsLess120.test_check_upm_heigths_less_120(): FAIL
bakery_lint.tests.downstream.test_check_unused_glyph_data.CheckUnusedGlyphData.test_check_unused_glyph_data(): ERROR
bakery_lint.tests.downstream.test_check_unencoded_glyph.TestFontUnencodedGlyph.test_font_unencoded_glyphs(): FAIL
$ bakery-encode-glyphs-fix.py --autofix /home/travis/build/fontdirectory/bevan/builds/build/Bevan.ttf
$ mv /home/travis/build/fontdirectory/bevan/builds/build/Bevan.ttf.fix /home/travis/build/fontdirectory/bevan/builds/build/Bevan.ttf
bakery_lint.tests.downstream.test_check_unencoded_glyph.TestFontUnencodedGlyph.test_font_unencoded_glyphs(): FAIL
bakery_lint.tests.downstream.test_check_panose_identification.CheckPanoseIdentification.test_check_panose_identification(): OK
bakery_lint.tests.downstream.test_check_os2_width_class.CheckOS2WidthClass.test_check_os2_width_class(): OK
bakery_lint.tests.downstream.test_check_no_problematic_formats.CheckNoProblematicFormats.test_check_no_problematic_formats(): OK
bakery_lint.tests.downstream.test_check_nbsp_width_matches_sp_width.CheckNbspWidthMatchesSpWidth.test_check_nbsp_width_matches_sp_width(): OK
bakery_lint.tests.downstream.test_check_names_same_across_platforms.CheckNamesSameAcrossPlatforms.test_check_names_same_across_platforms(): OK
bakery_lint.tests.downstream.test_check_name_table_recommendation.CheckStyleNameRecommendation.test_check_stylename_is_under_recommendations(): OK
bakery_lint.tests.downstream.test_check_name_table_recommendation.CheckOTFamilyNameRecommendation.test_check_opentype_familyname(): FAIL
$ bakery-opentype-fix.py /home/travis/build/fontdirectory/bevan/builds/build/Bevan.ttf
$ mv /home/travis/build/fontdirectory/bevan/builds/build/Bevan.ttf.fix /home/travis/build/fontdirectory/bevan/builds/build/Bevan.ttf
bakery_lint.tests.downstream.test_check_name_table_recommendation.CheckOTFamilyNameRecommendation.test_check_opentype_familyname(): OK
bakery_lint.tests.downstream.test_check_name_table_recommendation.CheckOTStyleNameRecommendation.test_check_opentype_stylename(): OK
bakery_lint.tests.downstream.test_check_name_table_recommendation.CheckOTFullNameRecommendation.test_check_opentype_fullname(): OK
bakery_lint.tests.downstream.test_check_magic_prep_code.CheckMagicPREPByteCode.test_prep_magic_code(): FAIL
bakery_lint.tests.downstream.test_check_license_included.CheckLicenseIncluded.test_license_included_in_font_names(): OK
bakery_lint.tests.downstream.test_check_italic_angle_agreement.CheckItalicAngleAgreement.test_check_italic_angle_agreement(): OK
bakery_lint.tests.downstream.test_check_hmtx_hhea_max_advance_width_agreement.CheckHmtxHheaMaxAdvanceWidthAgreement.test_check_hmtx_hhea_max_advance_width_agreement(): OK
bakery_lint.tests.downstream.test_check_glyph_existence.CheckGlyphExistence.test_euro(): OK
bakery_lint.tests.downstream.test_check_glyph_existence.CheckGlyphExistence.test_nbsp(): OK
bakery_lint.tests.downstream.test_check_glyph_existence.CheckGlyphExistence.test_space(): OK
bakery_lint.tests.downstream.test_check_glyf_table_length.CheckGlyfTableLength.test_check_glyf_table_length(): FAIL
bakery_lint.tests.downstream.test_check_full_font_name_begins_with_family_name.CheckFullFontNameBeginsWithFamilyName.test_check_full_font_name_begins_with_family_name(): OK
bakery_lint.tests.downstream.test_check_fontname_matches_macstyle.CheckFontNameEqualToMacStyleFlags.test_fontname_is_equal_to_macstyle(): FAIL
bakery_lint.tests.downstream.test_check_font_tables.CheckFontHasDsigTable.test_check_font_has_dsig_table(): OK
bakery_lint.tests.downstream.test_check_font_tables.CheckFontHasNotKernTable.test_no_kern_table_exists(): OK
bakery_lint.tests.downstream.test_check_font_agreements.CheckFsTypeIsNotSet.test_is_fstype_not_set(): FAIL
$ bakery-fstype-fix.py --autofix /home/travis/build/fontdirectory/bevan/builds/build/Bevan.ttf
$ mv /home/travis/build/fontdirectory/bevan/builds/build/Bevan.ttf.fix /home/travis/build/fontdirectory/bevan/builds/build/Bevan.ttf
bakery_lint.tests.downstream.test_check_font_agreements.CheckFsTypeIsNotSet.test_is_fstype_not_set(): OK
$ bakery-fstype-fix.py --autofix /home/travis/build/fontdirectory/bevan/builds/build/Bevan.ttf
$ mv /home/travis/build/fontdirectory/bevan/builds/build/Bevan.ttf.fix /home/travis/build/fontdirectory/bevan/builds/build/Bevan.ttf
bakery_lint.tests.downstream.test_check_font_agreements.CheckFontAgreements.test_em_is_1000(): FAIL
bakery_lint.tests.downstream.test_check_font_agreements.CheckFontAgreements.test_file_is_font(): OK
bakery_lint.tests.downstream.test_check_font_agreements.CheckFontAgreements.test_font_is_font(): OK
bakery_lint.tests.downstream.test_check_font_agreements.CheckFontAgreements.test_latin_file_exists(): FAIL
### Optimize TTF Bevan.ttf
bakery_lint.tests.downstream.test_check_vertical_metrics.CheckVerticalAscentMetrics.test_metrics_ascents_equal_bbox(): OK
$ ls -l 'Bevan.ttf'* # look at the size savings of that subset process
Bevan.ttf.opt: 65204 bytes
Bevan.ttf: 73244 bytes
$ mv /home/travis/build/fontdirectory/bevan/builds/build/Bevan.ttf.opt /home/travis/build/fontdirectory/bevan/builds/build/Bevan.ttf
### Autohint TTFs (ttfautohint) Bevan.ttf
bakery_lint.tests.downstream.test_check_vertical_metrics.CheckVerticalDescentMetrics.test_metrics_descents_equal_bbox(): OK
bakery_lint.tests.downstream.test_check_upm_heights_less_120.TestCheckUPMHeightsLess120.test_check_upm_heigths_less_120(): FAIL
bakery_lint.tests.downstream.test_check_unused_glyph_data.CheckUnusedGlyphData.test_check_unused_glyph_data(): ERROR
$ ls -l /home/travis/build/fontdirectory/bevan/builds/build/Bevan.*ttf # look at the size savings of that subset process
/home/travis/build/fontdirectory/bevan/builds/build/Bevan.ttf: 65204 bytes
/home/travis/build/fontdirectory/bevan/builds/build/Bevan.autohint.ttf: 93112 bytes
$ mv /home/travis/build/fontdirectory/bevan/builds/build/Bevan.autohint.ttf /home/travis/build/fontdirectory/bevan/builds/build/Bevan.ttf
### Subset TTFs (pyftsubset) Bevan.ttf
bakery_lint.tests.downstream.test_check_unencoded_glyph.TestFontUnencodedGlyph.test_font_unencoded_glyphs(): FAIL
$ bakery-encode-glyphs-fix.py --autofix /home/travis/build/fontdirectory/bevan/builds/build/Bevan-Regular.ttf
$ mv /home/travis/build/fontdirectory/bevan/builds/build/Bevan-Regular.ttf.fix /home/travis/build/fontdirectory/bevan/builds/build/Bevan-Regular.ttf
bakery_lint.tests.downstream.test_check_unencoded_glyph.TestFontUnencodedGlyph.test_font_unencoded_glyphs(): FAIL
bakery_lint.tests.downstream.test_check_panose_identification.CheckPanoseIdentification.test_check_panose_identification(): OK
bakery_lint.tests.downstream.test_check_os2_width_class.CheckOS2WidthClass.test_check_os2_width_class(): OK
bakery_lint.tests.downstream.test_check_no_problematic_formats.CheckNoProblematicFormats.test_check_no_problematic_formats(): OK
bakery_lint.tests.downstream.test_check_nbsp_width_matches_sp_width.CheckNbspWidthMatchesSpWidth.test_check_nbsp_width_matches_sp_width(): OK
bakery_lint.tests.downstream.test_check_names_same_across_platforms.CheckNamesSameAcrossPlatforms.test_check_names_same_across_platforms(): OK
bakery_lint.tests.downstream.test_check_name_table_recommendation.CheckStyleNameRecommendation.test_check_stylename_is_under_recommendations(): OK
bakery_lint.tests.downstream.test_check_name_table_recommendation.CheckOTFamilyNameRecommendation.test_check_opentype_familyname(): FAIL
$ bakery-opentype-fix.py /home/travis/build/fontdirectory/bevan/builds/build/Bevan-Regular.ttf
$ mv /home/travis/build/fontdirectory/bevan/builds/build/Bevan-Regular.ttf.fix /home/travis/build/fontdirectory/bevan/builds/build/Bevan-Regular.ttf
bakery_lint.tests.downstream.test_check_name_table_recommendation.CheckOTFamilyNameRecommendation.test_check_opentype_familyname(): OK
bakery_lint.tests.downstream.test_check_name_table_recommendation.CheckOTStyleNameRecommendation.test_check_opentype_stylename(): OK
bakery_lint.tests.downstream.test_check_name_table_recommendation.CheckOTFullNameRecommendation.test_check_opentype_fullname(): OK
bakery_lint.tests.downstream.test_check_magic_prep_code.CheckMagicPREPByteCode.test_prep_magic_code(): FAIL
bakery_lint.tests.downstream.test_check_license_included.CheckLicenseIncluded.test_license_included_in_font_names(): OK
bakery_lint.tests.downstream.test_check_italic_angle_agreement.CheckItalicAngleAgreement.test_check_italic_angle_agreement(): OK
bakery_lint.tests.downstream.test_check_hmtx_hhea_max_advance_width_agreement.CheckHmtxHheaMaxAdvanceWidthAgreement.test_check_hmtx_hhea_max_advance_width_agreement(): OK
bakery_lint.tests.downstream.test_check_glyph_existence.CheckGlyphExistence.test_euro(): OK
bakery_lint.tests.downstream.test_check_glyph_existence.CheckGlyphExistence.test_nbsp(): OK
bakery_lint.tests.downstream.test_check_glyph_existence.CheckGlyphExistence.test_space(): OK
bakery_lint.tests.downstream.test_check_glyf_table_length.CheckGlyfTableLength.test_check_glyf_table_length(): FAIL
bakery_lint.tests.downstream.test_check_full_font_name_begins_with_family_name.CheckFullFontNameBeginsWithFamilyName.test_check_full_font_name_begins_with_family_name(): OK
bakery_lint.tests.downstream.test_check_fontname_matches_macstyle.CheckFontNameEqualToMacStyleFlags.test_fontname_is_equal_to_macstyle(): FAIL
bakery_lint.tests.downstream.test_check_font_tables.CheckFontHasDsigTable.test_check_font_has_dsig_table(): FAIL
$ bakery-dsig.py /home/travis/build/fontdirectory/bevan/builds/build/Bevan-Regular.ttf
$ mv /home/travis/build/fontdirectory/bevan/builds/build/Bevan-Regular.ttf.fix /home/travis/build/fontdirectory/bevan/builds/build/Bevan-Regular.ttf
bakery_lint.tests.downstream.test_check_font_tables.CheckFontHasDsigTable.test_check_font_has_dsig_table(): OK
bakery_lint.tests.downstream.test_check_font_tables.CheckFontHasNotKernTable.test_no_kern_table_exists(): OK
bakery_lint.tests.downstream.test_check_font_agreements.CheckFsTypeIsNotSet.test_is_fstype_not_set(): FAIL
$ bakery-fstype-fix.py --autofix /home/travis/build/fontdirectory/bevan/builds/build/Bevan-Regular.ttf
$ mv /home/travis/build/fontdirectory/bevan/builds/build/Bevan-Regular.ttf.fix /home/travis/build/fontdirectory/bevan/builds/build/Bevan-Regular.ttf
bakery_lint.tests.downstream.test_check_font_agreements.CheckFsTypeIsNotSet.test_is_fstype_not_set(): OK
$ bakery-fstype-fix.py --autofix /home/travis/build/fontdirectory/bevan/builds/build/Bevan-Regular.ttf
$ mv /home/travis/build/fontdirectory/bevan/builds/build/Bevan-Regular.ttf.fix /home/travis/build/fontdirectory/bevan/builds/build/Bevan-Regular.ttf
bakery_lint.tests.downstream.test_check_font_agreements.CheckFontAgreements.test_em_is_1000(): FAIL
bakery_lint.tests.downstream.test_check_font_agreements.CheckFontAgreements.test_file_is_font(): OK
bakery_lint.tests.downstream.test_check_font_agreements.CheckFontAgreements.test_font_is_font(): OK
bakery_lint.tests.downstream.test_check_font_agreements.CheckFontAgreements.test_latin_file_exists(): FAIL
### Optimize TTF Bevan-Regular.ttf
bakery_lint.tests.downstream.test_check_vertical_metrics.CheckVerticalDescentMetrics.test_metrics_descents_equal_bbox(): OK
bakery_lint.tests.downstream.test_check_upm_heights_less_120.TestCheckUPMHeightsLess120.test_check_upm_heigths_less_120(): FAIL
bakery_lint.tests.downstream.test_check_unused_glyph_data.CheckUnusedGlyphData.test_check_unused_glyph_data(): ERROR
bakery_lint.tests.downstream.test_check_unencoded_glyph.TestFontUnencodedGlyph.test_font_unencoded_glyphs(): FAIL
$ bakery-encode-glyphs-fix.py --autofix /home/travis/build/fontdirectory/bevan/builds/build/Bevan.ttf
bakery_lint.tests.downstream.test_check_unencoded_glyph.TestFontUnencodedGlyph.test_font_unencoded_glyphs(): FAIL
bakery_lint.tests.downstream.test_check_panose_identification.CheckPanoseIdentification.test_check_panose_identification(): OK
bakery_lint.tests.downstream.test_check_os2_width_class.CheckOS2WidthClass.test_check_os2_width_class(): OK
bakery_lint.tests.downstream.test_check_no_problematic_formats.CheckNoProblematicFormats.test_check_no_problematic_formats(): OK
bakery_lint.tests.downstream.test_check_nbsp_width_matches_sp_width.CheckNbspWidthMatchesSpWidth.test_check_nbsp_width_matches_sp_width(): OK
bakery_lint.tests.downstream.test_check_names_same_across_platforms.CheckNamesSameAcrossPlatforms.test_check_names_same_across_platforms(): OK
bakery_lint.tests.downstream.test_check_name_table_recommendation.CheckStyleNameRecommendation.test_check_stylename_is_under_recommendations(): OK
bakery_lint.tests.downstream.test_check_name_table_recommendation.CheckOTFamilyNameRecommendation.test_check_opentype_familyname(): OK
bakery_lint.tests.downstream.test_check_name_table_recommendation.CheckOTStyleNameRecommendation.test_check_opentype_stylename(): OK
bakery_lint.tests.downstream.test_check_name_table_recommendation.CheckOTFullNameRecommendation.test_check_opentype_fullname(): OK
bakery_lint.tests.downstream.test_check_magic_prep_code.CheckMagicPREPByteCode.test_prep_magic_code(): FAIL
bakery_lint.tests.downstream.test_check_license_included.CheckLicenseIncluded.test_license_included_in_font_names(): OK
bakery_lint.tests.downstream.test_check_italic_angle_agreement.CheckItalicAngleAgreement.test_check_italic_angle_agreement(): OK
bakery_lint.tests.downstream.test_check_hmtx_hhea_max_advance_width_agreement.CheckHmtxHheaMaxAdvanceWidthAgreement.test_check_hmtx_hhea_max_advance_width_agreement(): OK
bakery_lint.tests.downstream.test_check_glyph_existence.CheckGlyphExistence.test_euro(): OK
bakery_lint.tests.downstream.test_check_glyph_existence.CheckGlyphExistence.test_nbsp(): OK
bakery_lint.tests.downstream.test_check_glyph_existence.CheckGlyphExistence.test_space(): OK
bakery_lint.tests.downstream.test_check_glyf_table_length.CheckGlyfTableLength.test_check_glyf_table_length(): FAIL
bakery_lint.tests.downstream.test_check_full_font_name_begins_with_family_name.CheckFullFontNameBeginsWithFamilyName.test_check_full_font_name_begins_with_family_name(): OK
bakery_lint.tests.downstream.test_check_fontname_matches_macstyle.CheckFontNameEqualToMacStyleFlags.test_fontname_is_equal_to_macstyle(): FAIL
bakery_lint.tests.downstream.test_check_font_tables.CheckFontHasDsigTable.test_check_font_has_dsig_table(): FAIL
$ bakery-dsig.py /home/travis/build/fontdirectory/bevan/builds/build/Bevan.ttf
$ mv /home/travis/build/fontdirectory/bevan/builds/build/Bevan.ttf.fix /home/travis/build/fontdirectory/bevan/builds/build/Bevan.ttf
bakery_lint.tests.downstream.test_check_font_tables.CheckFontHasDsigTable.test_check_font_has_dsig_table(): OK
bakery_lint.tests.downstream.test_check_font_tables.CheckFontHasNotKernTable.test_no_kern_table_exists(): OK
bakery_lint.tests.downstream.test_check_font_agreements.CheckFsTypeIsNotSet.test_is_fstype_not_set(): OK
$ bakery-fstype-fix.py --autofix /home/travis/build/fontdirectory/bevan/builds/build/Bevan.ttf
$ mv /home/travis/build/fontdirectory/bevan/builds/build/Bevan.ttf.fix /home/travis/build/fontdirectory/bevan/builds/build/Bevan.ttf
bakery_lint.tests.downstream.test_check_font_agreements.CheckFontAgreements.test_em_is_1000(): FAIL
bakery_lint.tests.downstream.test_check_font_agreements.CheckFontAgreements.test_file_is_font(): OK
bakery_lint.tests.downstream.test_check_font_agreements.CheckFontAgreements.test_font_is_font(): OK
bakery_lint.tests.downstream.test_check_font_agreements.CheckFontAgreements.test_latin_file_exists(): FAIL
$ ls -l 'Bevan-Regular.ttf'* # look at the size savings of that subset process
Bevan-Regular.ttf.opt: 92132 bytes
Bevan-Regular.ttf: 99884 bytes
$ mv /home/travis/build/fontdirectory/bevan/builds/build/Bevan-Regular.ttf.opt /home/travis/build/fontdirectory/bevan/builds/build/Bevan-Regular.ttf
### Autohint TTFs (ttfautohint) Bevan-Regular.ttf
### Optimize TTF Bevan.ttf
$ ls -l /home/travis/build/fontdirectory/bevan/builds/build/Bevan-Regular.*ttf # look at the size savings of that subset process
/home/travis/build/fontdirectory/bevan/builds/build/Bevan-Regular.ttf: 92132 bytes
/home/travis/build/fontdirectory/bevan/builds/build/Bevan-Regular.autohint.ttf: 94100 bytes
$ mv /home/travis/build/fontdirectory/bevan/builds/build/Bevan-Regular.autohint.ttf /home/travis/build/fontdirectory/bevan/builds/build/Bevan-Regular.ttf
### Subset TTFs (pyftsubset) Bevan-Regular.ttf
Generate Bevan.latin
Generate Bevan.menu
strippedname:/home/travis/build/fontdirectory/bevan/builds/build/Bevan.ttf
$ ls -l 'Bevan.ttf'* # look at the size savings of that subset process
Bevan.ttf.opt: 92600 bytes
Bevan.ttf: 93168 bytes
$ mv /home/travis/build/fontdirectory/bevan/builds/build/Bevan.ttf.opt /home/travis/build/fontdirectory/bevan/builds/build/Bevan.ttf
### Autohint TTFs (ttfautohint) Bevan.ttf
$ ls -l /home/travis/build/fontdirectory/bevan/builds/build/Bevan.*ttf # look at the size savings of that subset process
/home/travis/build/fontdirectory/bevan/builds/build/Bevan.ttf: 92600 bytes
/home/travis/build/fontdirectory/bevan/builds/build/Bevan.autohint.ttf: 93112 bytes
$ mv /home/travis/build/fontdirectory/bevan/builds/build/Bevan.autohint.ttf /home/travis/build/fontdirectory/bevan/builds/build/Bevan.ttf
### Subset TTFs (pyftsubset) Bevan.ttf
Generate Bevan-Regular.latin
Generate Bevan.latin
Generate Bevan-Regular.menu
strippedname:/home/travis/build/fontdirectory/bevan/builds/build/Bevan-Regular.ttf
Generate Bevan.menu
strippedname:/home/travis/build/fontdirectory/bevan/builds/build/Bevan.ttf
{
  "name": "Bevan", 
  "designer": "Vernon Adams", 
  "license": "OFL", 
  "visibility": "External", 
  "category": "Display", 
  "size": 49238, 
  "fonts": [
    {
      "name": "Bevan", 
      "postScriptName": "Bevan", 
      "fullName": "Bevan", 
      "style": "normal", 
      "weight": 400, 
      "filename": "Bevan.ttf", 
      "copyright": "Copyright (c) 2011 by vernon adams. All rights reserved."
    }, 
    {
      "name": "Bevan", 
      "postScriptName": "Bevan", 
      "fullName": "Bevan", 
      "style": "normal", 
      "weight": 400, 
      "filename": "Bevan-Regular.ttf", 
      "copyright": "Copyright (c) 2011 by vernon adams. All rights reserved."
    }
  ], 
  "subsets": [
    "latin"
  ], 
  "dateAdded": "2011-02-23"
}
